432 INFO: PyInstaller: 6.20.0, contrib hooks: 2026.4
440 INFO: Python: 3.14.5
522 INFO: Platform: Windows-11-10.0.26200-SP0
524 INFO: Python environment: C:\Users\csantos\AppData\Local\Programs\Python\Python314
529 INFO: Removing temporary files and cleaning cache in C:\Users\csantos\AppData\Local\pyinstaller
552 INFO: Module search paths (PYTHONPATH):
['C:\\Users\\csantos\\AppData\\Local\\Z7\\Dev\\Z7_SentinelTray',
 'C:\\Users\\csantos\\AppData\\Local\\Programs\\Python\\Python314\\python314.zip',
 'C:\\Users\\csantos\\AppData\\Local\\Programs\\Python\\Python314\\DLLs',
 'C:\\Users\\csantos\\AppData\\Local\\Programs\\Python\\Python314\\Lib',
 'C:\\Users\\csantos\\AppData\\Local\\Programs\\Python\\Python314',
 'C:\\Users\\csantos\\AppData\\Local\\Programs\\Python\\Python314\\Lib\\site-packages',
 'C:\\Users\\csantos\\AppData\\Local\\Programs\\Python\\Python314\\Lib\\site-packages\\win32',
 'C:\\Users\\csantos\\AppData\\Local\\Programs\\Python\\Python314\\Lib\\site-packages\\win32\\lib',
 'C:\\Users\\csantos\\AppData\\Local\\Programs\\Python\\Python314\\Lib\\site-packages\\Pythonwin',
 'C:\\Users\\csantos\\AppData\\Local\\Z7\\Dev\\Z7_SentinelTray',
 'C:\\Users\\csantos\\AppData\\Local\\Z7\\Dev\\Z7_SentinelTray\\src']
1432 INFO: Appending 'datas' from .spec
1437 INFO: checking Analysis
1439 INFO: Building Analysis because Analysis-00.toc is non existent
1439 INFO: Looking for Python shared library...
1440 INFO: Using Python shared library: C:\Users\csantos\AppData\Local\Programs\Python\Python314\python314.dll
1440 INFO: Running Analysis Analysis-00.toc
1440 INFO: Target bytecode optimization level: 0
1441 INFO: Initializing module dependency graph...
1443 INFO: Initializing module graph hook caches...
1475 INFO: Analyzing modules for base_library.zip ...
4010 INFO: Processing standard module hook 'hook-encodings.py' from 'C:\\Users\\csantos\\AppData\\Local\\Programs\\Python\\Python314\\Lib\\site-packages\\PyInstaller\\hooks'
10367 INFO: Processing standard module hook 'hook-difflib.py' from 'C:\\Users\\csantos\\AppData\\Local\\Programs\\Python\\Python314\\Lib\\site-packages\\PyInstaller\\hooks'
10406 INFO: Processing standard module hook 'hook-heapq.py' from 'C:\\Users\\csantos\\AppData\\Local\\Programs\\Python\\Python314\\Lib\\site-packages\\PyInstaller\\hooks'
10711 INFO: Processing standard module hook 'hook-pickle.py' from 'C:\\Users\\csantos\\AppData\\Local\\Programs\\Python\\Python314\\Lib\\site-packages\\PyInstaller\\hooks'
15084 INFO: Caching module dependency graph...
15184 INFO: Analyzing C:\Users\csantos\AppData\Local\Z7\Dev\Z7_SentinelTray\main.py
15343 INFO: Processing standard module hook 'hook-sysconfig.py' from 'C:\\Users\\csantos\\AppData\\Local\\Programs\\Python\\Python314\\Lib\\site-packages\\PyInstaller\\hooks'
15354 INFO: Processing standard module hook 'hook-_ctypes.py' from 'C:\\Users\\csantos\\AppData\\Local\\Programs\\Python\\Python314\\Lib\\site-packages\\PyInstaller\\hooks'
15616 INFO: Processing standard module hook 'hook-platform.py' from 'C:\\Users\\csantos\\AppData\\Local\\Programs\\Python\\Python314\\Lib\\site-packages\\PyInstaller\\hooks'
17456 INFO: Processing pre-find-module-path hook 'hook-tkinter.py' from 'C:\\Users\\csantos\\AppData\\Local\\Programs\\Python\\Python314\\Lib\\site-packages\\PyInstaller\\hooks\\pre_find_module_path'
17462 INFO: TclTkInfo: initializing cached Tcl/Tk info...
18544 INFO: Processing standard module hook 'hook-_tkinter.py' from 'C:\\Users\\csantos\\AppData\\Local\\Programs\\Python\\Python314\\Lib\\site-packages\\PyInstaller\\hooks'
19202 INFO: Processing standard module hook 'hook-PIL.py' from 'C:\\Users\\csantos\\AppData\\Local\\Programs\\Python\\Python314\\Lib\\site-packages\\PyInstaller\\hooks'
19578 INFO: Processing standard module hook 'hook-PIL.Image.py' from 'C:\\Users\\csantos\\AppData\\Local\\Programs\\Python\\Python314\\Lib\\site-packages\\PyInstaller\\hooks'
21123 INFO: Processing standard module hook 'hook-xml.py' from 'C:\\Users\\csantos\\AppData\\Local\\Programs\\Python\\Python314\\Lib\\site-packages\\PyInstaller\\hooks'
21185 INFO: Processing standard module hook 'hook-xml.etree.cElementTree.py' from 'C:\\Users\\csantos\\AppData\\Local\\Programs\\Python\\Python314\\Lib\\site-packages\\PyInstaller\\hooks'
21814 INFO: Processing standard module hook 'hook-PIL.ImageFilter.py' from 'C:\\Users\\csantos\\AppData\\Local\\Programs\\Python\\Python314\\Lib\\site-packages\\PyInstaller\\hooks'
23342 INFO: Processing module hooks (post-graph stage)...
24243 INFO: Processing standard module hook 'hook-PIL.SpiderImagePlugin.py' from 'C:\\Users\\csantos\\AppData\\Local\\Programs\\Python\\Python314\\Lib\\site-packages\\PyInstaller\\hooks'
24444 INFO: Processing standard module hook 'hook-_tkinter.py' from 'C:\\Users\\csantos\\AppData\\Local\\Programs\\Python\\Python314\\Lib\\site-packages\\PyInstaller\\hooks'
24462 INFO: Performing binary vs. data reclassification (928 entries)
24894 INFO: Looking for ctypes DLLs
25012 INFO: Analyzing run-time hooks ...
25014 INFO: Including run-time hook 'pyi_rth_inspect.py' from 'C:\\Users\\csantos\\AppData\\Local\\Programs\\Python\\Python314\\Lib\\site-packages\\PyInstaller\\hooks\\rthooks'
25020 INFO: Including run-time hook 'pyi_rth__tkinter.py' from 'C:\\Users\\csantos\\AppData\\Local\\Programs\\Python\\Python314\\Lib\\site-packages\\PyInstaller\\hooks\\rthooks'
25063 INFO: Creating base_library.zip...
25100 INFO: Looking for dynamic libraries
25437 INFO: Extra DLL search directories (AddDllDirectory): []
25438 INFO: Extra DLL search directories (PATH): []
26042 INFO: Warnings written to C:\Users\csantos\AppData\Local\Z7\Dev\Z7_SentinelTray\build\pyinstaller\Z7_SentinelTray\warn-Z7_SentinelTray.txt
26083 INFO: Graph cross-reference written to C:\Users\csantos\AppData\Local\Z7\Dev\Z7_SentinelTray\build\pyinstaller\Z7_SentinelTray\xref-Z7_SentinelTray.html
26185 INFO: checking PYZ
26186 INFO: Building PYZ because PYZ-00.toc is non existent
26187 INFO: Building PYZ (ZlibArchive) C:\Users\csantos\AppData\Local\Z7\Dev\Z7_SentinelTray\build\pyinstaller\Z7_SentinelTray\PYZ-00.pyz
26503 INFO: Building PYZ (ZlibArchive) C:\Users\csantos\AppData\Local\Z7\Dev\Z7_SentinelTray\build\pyinstaller\Z7_SentinelTray\PYZ-00.pyz completed successfully.
26538 INFO: checking PKG
26539 INFO: Building PKG because PKG-00.toc is non existent
26539 INFO: Building PKG (CArchive) Z7_SentinelTray.pkg
30611 INFO: Building PKG (CArchive) Z7_SentinelTray.pkg completed successfully.
30669 INFO: Bootloader C:\Users\csantos\AppData\Local\Programs\Python\Python314\Lib\site-packages\PyInstaller\bootloader\Windows-64bit-intel\runw.exe
30670 INFO: checking EXE
30672 INFO: Building EXE because EXE-00.toc is non existent
30674 INFO: Building EXE from EXE-00.toc
30684 INFO: Copying bootloader EXE to C:\Users\csantos\AppData\Local\Z7\Dev\Z7_SentinelTray\dist\Z7_SentinelTray.exe
30762 INFO: Copying icon to EXE
30813 INFO: Copying 0 resources to EXE
30814 INFO: Embedding manifest in EXE
30854 INFO: Appending PKG archive to EXE
31707 INFO: Fixing EXE headers
33888 INFO: Building EXE from EXE-00.toc completed successfully.
34074 INFO: Build complete! The results are available in: C:\Users\csantos\AppData\Local\Z7\Dev\Z7_SentinelTray\dist
